// Jest Snapshot v1, https://goo.gl/fbAQLP

exports[`SearchFormComponent:  1. To match snapshot 1`] = `
<form
  className="form"
  onSubmit={[Function]}
>
  <input
    name="search"
    onChange={[Function]}
    placeholder="Search..."
    type="text"
  />
  <Toggle
    defaultValue={true}
    labels={
      Array [
        "Title",
        "Genre",
      ]
    }
    onChange={[Function]}
    text="Search by:"
    type="search"
    values={
      Array [
        "title",
        "genres",
      ]
    }
  />
  <input
    type="submit"
    value="Search"
  />
</form>
`;
