// Jest Snapshot v1, https://goo.gl/fbAQLP

exports[`MovieDetailsComponent:  1. To match snapshot 1`] = `
<Fragment>
  <MovieCardComponent
    genres={
      Array [
        "Action",
      ]
    }
    link="https://www.youtube.com/watch?v=0LHxvxdRnYc"
    overview="Carol Danvers becomes one of the universe\`s most powerful heroes when Earth is caught in the middle of a galactic war between two alien races."
    poster_path="https://m.media-amazon.com/images/M/MV5BMTE0YWFmOTMtYTU2ZS00ZTIxLWE3OTEtYTNiYzBkZjViZThiXkEyXkFqcGdeQXVyODMzMzQ4OTI@._V1_SY1000_CR0,0,675,1000_AL_.jpg"
    release_date="2019"
    runtime={120}
    title="Captain Marvel"
    vote_average={4}
  />
  <SubHeader>
    <span>
      Films by 
      Action
       genres
    </span>
  </SubHeader>
  <MoviesListComponent
    movies={Array []}
  />
</Fragment>
`;
