// Jest Snapshot v1, https://goo.gl/fbAQLP

exports[`SearchMovieComponent:  1. To match snapshot 1`] = `
<Fragment>
  <Connect(SearchFormContainer)
    handleSubmit={[Function]}
    handleToggle={[Function]}
  />
  <SubHeader>
    <span>
      1 films are found
    </span>
    <Toggle
      defaultValue={true}
      labels={
        Array [
          "Rate",
          "Date",
        ]
      }
      name="sortValue"
      onChange={[Function]}
      text="Sort by:"
      values={
        Array [
          "vote_average",
          "release_date",
        ]
      }
    />
  </SubHeader>
  <MoviesListComponent
    movies={Array []}
  />
</Fragment>
`;
