// Jest Snapshot v1, https://goo.gl/fbAQLP

exports[`test:  SearchMovieComponent to match snapshot 1`] = `
<Fragment>
  <SearchFormContainer
    handleSubmit={[Function]}
    handleToggle={[Function]}
    searchToggleValue="searchToggleValue"
  />
  <Navigation>
    <span>
      1 films are found
    </span>
    <Toggle
      labels={
        Array [
          "Rating",
          "Year",
        ]
      }
      onChange={[Function]}
      text="Sort by:"
      type="sort"
      value={true}
    />
  </Navigation>
  <MoviesListComponent
    movies={Array []}
  />
</Fragment>
`;
