// Jest Snapshot v1, https://goo.gl/fbAQLP

exports[`Toggle:  Toggle to match snapshot 1`] = `
<Toggle
  labels={
    Array [
      "vote_average",
      "release_date",
    ]
  }
  onChange={[MockFunction]}
  text="Sort by:"
  type="sort"
  value={true}
>
  <div
    className="toggle"
  >
    <span
      className="toggle__label"
    >
       
      Sort by:
       
    </span>
    <div
      className="toggle__body"
    >
      <input
        className="toggle__item--left"
        defaultChecked={false}
        id="toggle-vote_average"
        name="sortToggle"
        onChange={[MockFunction]}
        type="radio"
        value="vote_average"
      />
      <label
        className="btn"
        htmlFor="toggle-vote_average"
      >
        vote_average
      </label>
      <input
        className="toggle__item--right"
        defaultChecked={true}
        id="toggle-release_date"
        name="sortToggle"
        onChange={[MockFunction]}
        type="radio"
        value="release_date"
      />
      <label
        className="btn"
        htmlFor="toggle-release_date"
      >
        release_date
      </label>
    </div>
  </div>
</Toggle>
`;
