// Jest Snapshot v1, https://goo.gl/fbAQLP

exports[`Toggle:  Toggle to match snapshot 1`] = `
<Toggle
  defaultValue={true}
  labels={
    Array [
      "Rate",
      "Date",
    ]
  }
  onChange={[MockFunction]}
  text="Sort by:"
  type="sort"
  values={
    Array [
      "vote_average",
      "release_date",
    ]
  }
>
  <div
    className="toggle"
  >
    <span
      className="toggle__label"
    >
       
      Sort by:
       
    </span>
    <div
      className="toggle__body"
    >
      <input
        className="toggle__item--left"
        defaultChecked={false}
        id="toggle-Rate"
        name="sortToggle"
        onChange={[MockFunction]}
        type="radio"
        value="vote_average"
      />
      <label
        className="btn"
        htmlFor="toggle-Rate"
      >
        Rate
      </label>
      <input
        className="toggle__item--right"
        defaultChecked={true}
        id="toggle-Date"
        name="sortToggle"
        onChange={[MockFunction]}
        type="radio"
        value="release_date"
      />
      <label
        className="btn"
        htmlFor="toggle-Date"
      >
        Date
      </label>
    </div>
  </div>
</Toggle>
`;
